has-consistent-output-for-specs-together-including-a-syntax-error-test-stdout-rspec-3.12.gemfile.snap