has-consistent-output-for-pending_specs-test-stdout-rspec-3.12.gemfile.snap