has-consistent-output-for-random-ordering-set-in-rspec-config-test-stdout-rspec-3.12.gemfile.snap