has-consistent-output-with-capybara-&-capybara-inline-screenshot-test-results-rspec-3.13.gemfile.snap