has-consistent-output-for-successful_specs-test-stderr-rspec-3.12.gemfile.snap