has-consistent-output-with-capybara-test-results-rspec-3.12.gemfile.snap