{
  "$schema": "https://raw.githubusercontent.com/rwx-research/test-results-schema/main/v1.json",
  "framework": {
    "kind": "RSpec",
    "language": "Ruby"
  },
  "summary": {
    "canceled": 0,
    "failed": 0,
    "otherErrors": 0,
    "pended": 1,
    "quarantined": 0,
    "retries": 0,
    "skipped": 0,
    "status": {
      "kind": "successful"
    },
    "successful": 1,
    "tests": 2,
    "timedOut": 0,
    "todo": 0
  },
  "tests": [
    {
      "attempt": {
        "durationInNanoseconds": 234000,
        "finishedAt": "2023-01-01T00:00:00Z",
        "meta": {
          "abq_metadata": {
            "runner": 1,
            "worker": 0
          }
        },
        "startedAt": "2023-01-01T00:00:00Z",
        "status": {
          "kind": "pended"
        },
        "stderr": "redacted",
        "stdout": "redacted"
      },
      "id": "./spec/fixture_specs/spec_that_sets_up_random_seed.rb[1:2]",
      "lineage": [
        "random ordering",
        "is pended"
      ],
      "location": {
        "file": "./spec/fixture_specs/spec_that_sets_up_random_seed.rb",
        "line": 299
      },
      "name": "random ordering is pended"
    },
    {
      "attempt": {
        "durationInNanoseconds": 234000,
        "finishedAt": "2023-01-01T00:00:00Z",
        "meta": {
          "abq_metadata": {
            "runner": 1,
            "worker": 0
          }
        },
        "startedAt": "2023-01-01T00:00:00Z",
        "status": {
          "kind": "successful"
        },
        "stderr": "redacted",
        "stdout": "redacted"
      },
      "id": "./spec/fixture_specs/spec_that_sets_up_random_seed.rb[1:1]",
      "lineage": [
        "random ordering",
        "passes"
      ],
      "location": {
        "file": "./spec/fixture_specs/spec_that_sets_up_random_seed.rb",
        "line": 299
      },
      "name": "random ordering passes"
    }
  ]
}