has-consistent-output-for-raising_specs-work-stderr-rspec-3.12.gemfile.snap