has-consistent-output-for-random-ordering-passed-as-CLI-argument-test-stderr-rspec-3.12.gemfile.snap