has-consistent-output-for-specs-together-with-a-hardcoded-seed-work-stderr-rspec-3.12.gemfile.snap