has-consistent-output-for-specs-together-with-a-hardcoded-seed-test-results-rspec-3.12.gemfile.snap