has-consistent-output-for-pending_specs-work-stderr-rspec-3.12.gemfile.snap