has-consistent-output-for-pending_specs-test-stderr-rspec-3.12.gemfile.snap