has-consistent-output-for-specs-with-syntax-errors-work-stderr-rspec-3.12.gemfile.snap