has-consistent-output-for-specs-that-use-capybara-&-headless-chrome-&-capybara-inline-screenshot-test-stdout-rspec-3.12.gemfile.snap