has-consistent-output-for-specs-together-run-with-rspec-retry-test-stdout-rspec-3.12.gemfile.snap