has-consistent-output-for-specs-that-use-capybara-&-headless-chrome-work-stdout-rspec-3.12.gemfile.snap