has-consistent-output-for-successful_specs-work-stderr-rspec-3.12.gemfile.snap