has-consistent-output-for-random-SEED-set-in-rspec-config-work-stderr-rspec-3.12.gemfile.snap