Starting test run with ID not-the-real-test-run-id
.F

--- a spec with capybara can fail: FAILED ---

  1) a spec with capybara can fail
     Failure/Error: expect(page).to have_content("A huge website")
       expected to find text "A huge website" in "A tiny website"
     # ./spec/fixture_specs/spec_with_capybara.rb:0:in `block (2 levels) in <top (required)>'
     # ./spec/spec_helper.rb:0:in `block (2 levels) in <top (required)>'
     # ./lib/rspec/abq/extensions.rb:0:in `block (2 levels) in run_examples_with_abq'
     # ./lib/rspec/abq.rb:0:in `send_test_result_and_advance'
     # ./lib/rspec/abq/extensions.rb:0:in `block in run_examples_with_abq'
     # ./lib/rspec/abq/extensions.rb:0:in `each'
     # ./lib/rspec/abq/extensions.rb:0:in `run_examples_with_abq'
     # ./lib/rspec/abq/extensions.rb:0:in `run_with_abq'
     # ./lib/rspec/abq/extensions.rb:0:in `block (3 levels) in run_specs'
     # ./lib/rspec/abq/extensions.rb:0:in `map'
     # ./lib/rspec/abq/extensions.rb:0:in `block (2 levels) in run_specs'
     # ./lib/rspec/abq/extensions.rb:0:in `block in run_specs'
     # ./lib/rspec/abq/extensions.rb:0:in `run_specs'

(completed in 0 ms)


Finished in 0.00 seconds (0.00 seconds spent in test code)
2 tests, 1 failures
