has-consistent-output-for-successful_specs-test-stdout-rspec-3.12.gemfile.snap