has-consistent-output-for-specs-that-use-capybara-&-headless-chrome-test-stderr-rspec-3.12.gemfile.snap