quits-early-if-configured-with-fail-fast-test-stdout-rspec-3.12.gemfile.snap