spec-features-integration_spec.rb[1:1:8:2]-test-stdout-rspec-3.12.gemfile.snap