Worker started with id not-the-real-test-run-id
Worker started with id not-the-real-test-run-id
