spec-features-integration_spec.rb[1:1:6]-work-stderr-rspec-3.12.gemfile.snap