spec-features-integration_spec.rb[1:1:1]-work-stdout-rspec-3.12.gemfile.snap