Starting test run with ID not-the-real-test-run-id
.PSS

Finished in 0.00 seconds (0.00 seconds spent in test code)
4 tests, 0 failures
