[
  [0] {
    "test_result" => {
            "status" => {
             "type" => "error",
        "exception" => "RuntimeError",
        "backtrace" => [
          [ 0] "./spec/fixture_specs/raising_specs.rb:6:in `block (2 levels) in <top (required)>'",
          [ 1] "./spec/spec_helper.rb:19:in `block (2 levels) in <top (required)>'",
          [ 2] "./lib/rspec/abq/extensions.rb:45:in `block (2 levels) in run_examples_with_abq'",
          [ 3] "./lib/rspec/abq.rb:228:in `send_test_result_and_advance'",
          [ 4] "./lib/rspec/abq/extensions.rb:45:in `block in run_examples_with_abq'",
          [ 5] "./lib/rspec/abq/extensions.rb:33:in `each'",
          [ 6] "./lib/rspec/abq/extensions.rb:33:in `run_examples_with_abq'",
          [ 7] "./lib/rspec/abq/extensions.rb:72:in `run_with_abq'",
          [ 8] "./lib/rspec/abq/extensions.rb:134:in `block (3 levels) in run_specs'",
          [ 9] "./lib/rspec/abq/extensions.rb:134:in `map'",
          [10] "./lib/rspec/abq/extensions.rb:134:in `block (2 levels) in run_specs'",
          [11] "./lib/rspec/abq/extensions.rb:129:in `block in run_specs'",
          [12] "./lib/rspec/abq/extensions.rb:128:in `run_specs'"
        ]
      },
                "id" => "./spec/fixture_specs/raising_specs.rb[1:1]",
      "display_name" => "a raising group has a raising test",
            "output" => "\n  1) a raising group has a raising test\n     \e[31mFailure/Error: \e[0mraise \e[31m\e[1;31m'\e[0m\e[31mthe roof\e[1;31m'\e[0m\e[31m\e[0m\e[0m\n     \e[31m\e[0m\n     \e[31mRuntimeError:\e[0m\n     \e[31m  the roof\e[0m\n     \e[36m# ./spec/fixture_specs/raising_specs.rb:6:in `block (2 levels) in <top (required)>'\e[0m\n     \e[36m# ./spec/spec_helper.rb:19:in `block (2 levels) in <top (required)>'\e[0m\n     \e[36m# ./lib/rspec/abq/extensions.rb:45:in `block (2 levels) in run_examples_with_abq'\e[0m\n     \e[36m# ./lib/rspec/abq.rb:228:in `send_test_result_and_advance'\e[0m\n     \e[36m# ./lib/rspec/abq/extensions.rb:45:in `block in run_examples_with_abq'\e[0m\n     \e[36m# ./lib/rspec/abq/extensions.rb:33:in `each'\e[0m\n     \e[36m# ./lib/rspec/abq/extensions.rb:33:in `run_examples_with_abq'\e[0m\n     \e[36m# ./lib/rspec/abq/extensions.rb:72:in `run_with_abq'\e[0m\n     \e[36m# ./lib/rspec/abq/extensions.rb:134:in `block (3 levels) in run_specs'\e[0m\n     \e[36m# ./lib/rspec/abq/extensions.rb:134:in `map'\e[0m\n     \e[36m# ./lib/rspec/abq/extensions.rb:134:in `block (2 levels) in run_specs'\e[0m\n     \e[36m# ./lib/rspec/abq/extensions.rb:129:in `block in run_specs'\e[0m\n     \e[36m# ./lib/rspec/abq/extensions.rb:128:in `run_specs'\e[0m\n",
           "runtime" => "<cleaned for test>",
              "tags" => [],
              "meta" => {},
          "location" => {
        "file" => "./spec/fixture_specs/raising_specs.rb",
        "line" => 5
      },
        "started_at" => "<cleaned for test>",
       "finished_at" => "<cleaned for test>",
           "lineage" => [
        [0] "a raising group",
        [1] "has a raising test",
        [2] "has a raising test"
      ]
    }
  }
]