test_results_successful_specs-rspec-3.12.gemfile.snap