test_results_failing_specs-rspec-3.13.gemfile.snap