worker-stdout-is-mostly-empty-when-formatter-is-not-set-test-stdout-rspec-3.12.gemfile.snap